// Jest Snapshot v1, https://goo.gl/fbAQLP

exports[`App Renders Correctly 1`] = `
<div
  className="App"
>
  <nav
    className="navbar"
  >
    <img
      alt="logo-planet"
      className="logo"
      src="planet.png"
    />
    <div
      className="navbar-title"
    >
      <h1
        className="title"
      >
         Space Travellers' Hub 
      </h1>
    </div>
    <ul
      className="menu"
    >
      <li
        className="li-links"
      >
        <a
          activeclassname="active-link"
          aria-current="page"
          className="links active"
          href="/"
          onClick={[Function]}
        >
          Rockets
        </a>
      </li>
      <li
        className="li-links"
      >
        <a
          activeclassname="active-link"
          className="links"
          href="/Missions"
          onClick={[Function]}
        >
          Missions
        </a>
      </li>
      <li
        className="li-links"
      >
        <a
          activeclassname="active-link"
          className="links"
          href="/Dragons"
          onClick={[Function]}
        >
          Dragons
        </a>
      </li>
      <li
        className="li-links"
      >
        <a
          activeclassname="active-link"
          className="links"
          href="/MyProfile"
          onClick={[Function]}
        >
          My profile
        </a>
      </li>
    </ul>
  </nav>
  <div
    className="container"
  >
    <div
      className="heading"
    >
      No Rockets Found ❗❕
    </div>
  </div>
</div>
`;
